{"HostConfigHash":"ca7ce47","CardHash":"71bacdd","Error":null}