{"HostConfigHash":"f8f0211","CardHash":"f03a4e6","Error":null}