{"HostConfigHash":"5ebebbc","CardHash":"28b1de5","Error":null}