{"HostConfigHash":"5ebebbc","CardHash":"5432477","Error":null}