{"HostConfigHash":"5ebebbc","CardHash":"ddaa89a","Error":null}