{"HostConfigHash":"f6d6374","CardHash":"1a79165","Error":null}