{"HostConfigHash":"4bd71a7","CardHash":"c1092fa","Error":null}