{"HostConfigHash":"4bd71a7","CardHash":"28b1de5","Error":null}