{"HostConfigHash":"f955a37","CardHash":"4db8044","Error":null}