{"HostConfigHash":"4bd71a7","CardHash":"a87bf3f","Error":null}