{"HostConfigHash":"9047d0d","CardHash":"2a58036","Error":null}