{"HostConfigHash":"4bd71a7","CardHash":"16c3c6b","Error":null}