{"HostConfigHash":"ffb6e5c","CardHash":"5039aad","Error":null}