{"HostConfigHash":"aec268e","CardHash":"4c873be","Error":null}