{"HostConfigHash":"5ebebbc","CardHash":"761d90d","Error":null}