{"HostConfigHash":"7f3b842","CardHash":"b3bdd1d","Error":null}