{"HostConfigHash":"ffb6e5c","CardHash":"4e20773","Error":null}