{"HostConfigHash":"98575fd","CardHash":"4db8044","Error":null}