{"HostConfigHash":"f955a37","CardHash":"28b1de5","Error":null}