{"HostConfigHash":"4bd71a7","CardHash":"5432477","Error":null}