{"HostConfigHash":"38c3dab","CardHash":"1a79165","Error":null}