{"HostConfigHash":"2f5b0c4","CardHash":"4db8044","Error":null}