{"HostConfigHash":"5ebebbc","CardHash":"a20cb28","Error":null}