{"HostConfigHash":"f6d6374","CardHash":"5432477","Error":null}