{"HostConfigHash":"ffb6e5c","CardHash":"fcc4ce6","Error":null}