{"HostConfigHash":"f6d6374","CardHash":"5ddb18d","Error":null}