{"HostConfigHash":"f955a37","CardHash":"c1092fa","Error":null}