{"HostConfigHash":"a0badaa","CardHash":"ddaa89a","Error":null}