{"HostConfigHash":"ffb6e5c","CardHash":"37204b2","Error":null}