{"HostConfigHash":"f8f0211","CardHash":"37204b2","Error":null}