{"HostConfigHash":"5ebebbc","CardHash":"95231e4","Error":null}