{"HostConfigHash":"f8f0211","CardHash":"84490d1","Error":null}