{"HostConfigHash":"2f5b0c4","CardHash":"4c873be","Error":null}