{"HostConfigHash":"2f5b0c4","CardHash":"95231e4","Error":null}