{"HostConfigHash":"4bd71a7","CardHash":"1bcde88","Error":null}