{"HostConfigHash":"a0badaa","CardHash":"746d3b2","Error":null}