{"HostConfigHash":"4bd71a7","CardHash":"874dc82","Error":null}