{"HostConfigHash":"2f5b0c4","CardHash":"71bacdd","Error":null}