{"HostConfigHash":"aec268e","CardHash":"b8d7881","Error":null}