{"HostConfigHash":"5ebebbc","CardHash":"4db8044","Error":null}