{"HostConfigHash":"f955a37","CardHash":"5432477","Error":null}