{"HostConfigHash":"98575fd","CardHash":"71bacdd","Error":null}