{"HostConfigHash":"a0badaa","CardHash":"4e126b1","Error":null}