{"HostConfigHash":"38c3dab","CardHash":"44e2548","Error":null}