{"HostConfigHash":"7f3b842","CardHash":"84490d1","Error":null}