{"HostConfigHash":"5ebebbc","CardHash":"16c3c6b","Error":null}