{"HostConfigHash":"5ebebbc","CardHash":"3f3e322","Error":null}