{"HostConfigHash":"ca7ce47","CardHash":"874dc82","Error":null}