{"HostConfigHash":"ca7ce47","CardHash":"fc3b36e","Error":null}