{"HostConfigHash":"98575fd","CardHash":"5432477","Error":null}